python : C:\Users\hp\
AppData\Local\Program
s\Python\Python313\Li
b\site-packages\sklea
rn\utils\validation.p
y:2691: UserWarning: 
X does not have 
valid feature names, 
but StandardScaler 
was fitted with 
feature names
At line:1 char:1
+ python -m tests.tes
t_full_system > 
test_output.txt 2>&1
+ ~~~~~~~~~~~~~~~~~~~
~~~~~~~~~~~~~~~~~~~~~
~~~~~~~~~~~~~~~
    + CategoryInfo   
           : NotSpe  
  cified: (C:\User   
 s\hp\App...h fea    
ture names:Strin    
g) [], RemoteExc    
eption
    + FullyQualified 
   ErrorId : Native  
  CommandError
 
  warnings.warn(
INFO:__main__:Freelan
cer Score: 849 
(Excellent)
INFO:__main__:Freelan
cer Trend: stable, 
Reward Eligible: True
.C:\Users\hp\AppData\
Local\Programs\Python
\Python313\Lib\site-p
ackages\sklearn\utils
\validation.py:2691: 
UserWarning: X does 
not have valid 
feature names, but 
StandardScaler was 
fitted with feature 
names
  warnings.warn(
INFO:__main__:Poor 
Profile Score: 819 
(Excellent)
F
=====================
=====================
=====================
=======
FAIL: test_missing_pa
yments_poor_profile (
__main__.TestFullSyst
em.test_missing_payme
nts_poor_profile)
Scenario: User 
missing months of 
payments.
---------------------
---------------------
---------------------
-------
Traceback (most 
recent call last):
  File "C:\Users\hp\D
esktop\Credit_Score\t
ests\test_full_system
.py", line 72, in tes
t_missing_payments_po
or_profile
    self.assertLess(p
rediction['score'], 
670, "Should be Fair 
or Poor")
    ~~~~~~~~~~~~~~~^^
^^^^^^^^^^^^^^^^^^^^^
^^^^^^^^^^^^^^^^^^^^^
^^^^^^^^
AssertionError: 819 
not less than 670 : 
Should be Fair or 
Poor

---------------------
---------------------
---------------------
-------
Ran 2 tests in 1.464s

FAILED (failures=1)
